C51 COMPILER V9.51   GLOBALS                                                               04/12/2018 12:28:59 PAGE 1   


C51 COMPILER V9.51, COMPILATION OF MODULE GLOBALS
OBJECT MODULE PLACED IN .\DP8051_Keil_951\Release\globals.obj
COMPILER INVOKED BY: C:\Program Files (x86)\Cypress\PSoC Creator\4.2\PSoC Creator\import\keil\pk51\9.51\C51\BIN\c51.exe 
                    -globals.c NOIV LARGE MODDP2 OMF2 VB(1) NOIP INCDIR(.,Generated_Source\PSoC3) FF(3) DB DF(NDEBUG) WL(2) PR(.\DP8051_Keil_
                    -951\Release/globals.lst) CD OT(11,SPEED) OJ(.\DP8051_Keil_951\Release\globals.obj)

line level    source

*** MESSAGE C286 IN LINE 0 OF (null): license limits optimization to level 5
   1          // ----------------------------------------------------------------------------
   2          // BSD 3-Clause License
   3          
   4          // Copyright (c) 2016, qbrobotics
   5          // Copyright (c) 2017-2018, Centro "E.Piaggio"
   6          // All rights reserved.
   7          
   8          // Redistribution and use in source and binary forms, with or without
   9          // modification, are permitted provided that the following conditions are met:
  10          
  11          // * Redistributions of source code must retain the above copyright notice, this
  12          //   list of conditions and the following disclaimer.
  13          
  14          // * Redistributions in binary form must reproduce the above copyright notice,
  15          //   this list of conditions and the following disclaimer in the documentation
  16          //   and/or other materials provided with the distribution.
  17          
  18          // * Neither the name of the copyright holder nor the names of its
  19          //   contributors may be used to endorse or promote products derived from
  20          //   this software without specific prior written permission.
  21          
  22          // THIS SOFTWARE IS PROVIDED BY THE COPYRIGHT HOLDERS AND CONTRIBUTORS "AS IS"
  23          // AND ANY EXPRESS OR IMPLIED WARRANTIES, INCLUDING, BUT NOT LIMITED TO, THE
  24          // IMPLIED WARRANTIES OF MERCHANTABILITY AND FITNESS FOR A PARTICULAR PURPOSE ARE
  25          // DISCLAIMED. IN NO EVENT SHALL THE COPYRIGHT HOLDER OR CONTRIBUTORS BE LIABLE
  26          // FOR ANY DIRECT, INDIRECT, INCIDENTAL, SPECIAL, EXEMPLARY, OR CONSEQUENTIAL
  27          // DAMAGES (INCLUDING, BUT NOT LIMITED TO, PROCUREMENT OF SUBSTITUTE GOODS OR
  28          // SERVICES; LOSS OF USE, DATA, OR PROFITS; OR BUSINESS INTERRUPTION) HOWEVER
  29          // CAUSED AND ON ANY THEORY OF LIABILITY, WHETHER IN CONTRACT, STRICT LIABILITY,
  30          // OR TORT (INCLUDING NEGLIGENCE OR OTHERWISE) ARISING IN ANY WAY OUT OF THE USE
  31          // OF THIS SOFTWARE, EVEN IF ADVISED OF THE POSSIBILITY OF SUCH DAMAGE.
  32          // POSSIBILITY OF SUCH DAMAGE.
  33          // ----------------------------------------------------------------------------
  34          
  35          /**
  36          * \file         globals.c
  37          *
  38          * \brief        Global variables.
  39          * \date         February 01, 2018
  40          * \author       _Centro "E.Piaggio"_
  41          * \copyright    (C) 2012-2016 qbrobotics. All rights reserved.
  42          * \copyright    (C) 2017-2018 Centro "E.Piaggio". All rights reserved.
  43          */
  44          
  45          //=================================================================     includes
  46          #include <globals.h>
  47          
  48          //=============================================      global variables definition
  49          
  50          struct st_data  g_rx;                       // income data
  51          struct st_mem   g_mem, c_mem;               // memory
  52          
C51 COMPILER V9.51   GLOBALS                                                               04/12/2018 12:28:59 PAGE 2   

  53          // Timer value for debug field
  54          
  55          uint32 timer_value;
  56          uint32 timer_value0;
  57          
  58          // Bit flag
  59          CYBIT interrupt_flag;
  60          
  61          // IMU variables
  62          uint8 N_IMU_Connected;
  63          uint8 IMU_connected[N_IMU_MAX];
  64          int imus_data_size;
  65          int single_imu_size[N_IMU_MAX];
  66          
  67          struct st_imu g_imu[N_IMU_MAX];
  68          struct st_imu g_imuNew[N_IMU_MAX];
  69          
  70          uint8 Accel[N_IMU_MAX][6];
  71          uint8 Gyro[N_IMU_MAX][6];
  72          uint8 Mag[N_IMU_MAX][6];
  73          uint8 MagCal[N_IMU_MAX][3];
  74          uint8 Temp[N_IMU_MAX][2];
  75          float Quat[4] = {1,0,0,0};
  76          
  77          /* END OF FILE */
C51 COMPILER V9.51   GLOBALS                                                               04/12/2018 12:28:59 PAGE 3   

ASSEMBLY LISTING OF GENERATED OBJECT CODE




MODULE INFORMATION:   STATIC OVERLAYABLE
   CODE SIZE        =   ----    ----
   CONSTANT SIZE    =   ----    ----
   XDATA SIZE       =   2038    ----
   PDATA SIZE       =   ----    ----
   DATA SIZE        =   ----    ----
   IDATA SIZE       =   ----    ----
   BIT SIZE         =      1    ----
   EDATA SIZE       =   ----    ----
   HDATA SIZE       =   ----    ----
   XDATA CONST SIZE =   ----    ----
   FAR CONST SIZE   =   ----    ----
END OF MODULE INFORMATION.


C51 COMPILATION COMPLETE.  0 WARNING(S),  0 ERROR(S)
