C51 COMPILER V9.51   INTERRUPTIONS                                                         04/12/2018 12:28:59 PAGE 1   


C51 COMPILER V9.51, COMPILATION OF MODULE INTERRUPTIONS
OBJECT MODULE PLACED IN .\DP8051_Keil_951\Release\interruptions.obj
COMPILER INVOKED BY: C:\Program Files (x86)\Cypress\PSoC Creator\4.2\PSoC Creator\import\keil\pk51\9.51\C51\BIN\c51.exe 
                    -interruptions.c NOIV LARGE MODDP2 OMF2 VB(1) NOIP INCDIR(.,Generated_Source\PSoC3) FF(3) DB DF(NDEBUG) WL(2) PR(.\DP8051
                    -_Keil_951\Release/interruptions.lst) CD OT(11,SPEED) OJ(.\DP8051_Keil_951\Release\interruptions.obj)

line level    source

*** MESSAGE C286 IN LINE 0 OF (null): license limits optimization to level 5
   1          // ----------------------------------------------------------------------------
   2          // BSD 3-Clause License
   3          
   4          // Copyright (c) 2016, qbrobotics
   5          // Copyright (c) 2017-2018, Centro "E.Piaggio"
   6          // All rights reserved.
   7          
   8          // Redistribution and use in source and binary forms, with or without
   9          // modification, are permitted provided that the following conditions are met:
  10          
  11          // * Redistributions of source code must retain the above copyright notice, this
  12          //   list of conditions and the following disclaimer.
  13          
  14          // * Redistributions in binary form must reproduce the above copyright notice,
  15          //   this list of conditions and the following disclaimer in the documentation
  16          //   and/or other materials provided with the distribution.
  17          
  18          // * Neither the name of the copyright holder nor the names of its
  19          //   contributors may be used to endorse or promote products derived from
  20          //   this software without specific prior written permission.
  21          
  22          // THIS SOFTWARE IS PROVIDED BY THE COPYRIGHT HOLDERS AND CONTRIBUTORS "AS IS"
  23          // AND ANY EXPRESS OR IMPLIED WARRANTIES, INCLUDING, BUT NOT LIMITED TO, THE
  24          // IMPLIED WARRANTIES OF MERCHANTABILITY AND FITNESS FOR A PARTICULAR PURPOSE ARE
  25          // DISCLAIMED. IN NO EVENT SHALL THE COPYRIGHT HOLDER OR CONTRIBUTORS BE LIABLE
  26          // FOR ANY DIRECT, INDIRECT, INCIDENTAL, SPECIAL, EXEMPLARY, OR CONSEQUENTIAL
  27          // DAMAGES (INCLUDING, BUT NOT LIMITED TO, PROCUREMENT OF SUBSTITUTE GOODS OR
  28          // SERVICES; LOSS OF USE, DATA, OR PROFITS; OR BUSINESS INTERRUPTION) HOWEVER
  29          // CAUSED AND ON ANY THEORY OF LIABILITY, WHETHER IN CONTRACT, STRICT LIABILITY,
  30          // OR TORT (INCLUDING NEGLIGENCE OR OTHERWISE) ARISING IN ANY WAY OUT OF THE USE
  31          // OF THIS SOFTWARE, EVEN IF ADVISED OF THE POSSIBILITY OF SUCH DAMAGE.
  32          // POSSIBILITY OF SUCH DAMAGE.
  33          // ----------------------------------------------------------------------------
  34          
  35          /**
  36          * \file         interruptions.c
  37          *
  38          * \brief        Interruption functions are in this file.
  39          * \date         February 01, 2018
  40          * \author       _Centro "E.Piaggio"_
  41          * \copyright    (C) 2012-2016 qbrobotics. All rights reserved.
  42          * \copyright    (C) 2017-2018 Centro "E.Piaggio". All rights reserved.
  43          */
  44          
  45          
  46          //=================================================================     includes
  47          #include "interruptions.h"
  48          #include "command_processing.h"
  49          #include "globals.h"
  50          #include "utils.h"
  51          #include "IMU_functions.h"
  52          
C51 COMPILER V9.51   INTERRUPTIONS                                                         04/12/2018 12:28:59 PAGE 2   

  53          //==============================================================================
  54          //                                                            RS485 RX INTERRUPT
  55          //==============================================================================
  56          // Processing RS-485 data frame:
  57          //
  58          // - 0:     Waits for beggining characters
  59          // - 1:     Waits for ID;
  60          // - 2:     Data length;
  61          // - 3:     Receive all bytes;
  62          // - 4:     Wait for another device end of transmission;
  63          //
  64          //==============================================================================
  65          
  66          //==============================================================================
  67          //                                                            RS485 RX INTERRUPT
  68          //==============================================================================
  69          
  70          CY_ISR(ISR_RS485_RX_ExInterrupt) {
  71   1      
  72   1          // Set RS485 flag
  73   1          
  74   1          interrupt_flag = TRUE;
  75   1           
  76   1      }
  77          
  78          //==============================================================================
  79          //                                                             INTERRUPT MANAGER
  80          //==============================================================================
  81          // Manage interrupt from RS485 
  82          //==============================================================================
  83          // Processing RS-485 data frame:
  84          //
  85          // - WAIT_START:    Waits for beginning characters;
  86          // - WAIT_ID:       Waits for ID;
  87          // - WAIT_LENGTH:   Data length;
  88          // - RECEIVE:       Receive all bytes;
  89          // - UNLOAD:        Wait for another device end of transmission;
  90          //
  91          //==============================================================================
  92          
  93          void interrupt_manager(){
  94   1      
  95   1          
  96   1          //===========================================     local variables definition
  97   1      
  98   1          static uint8 CYDATA state = WAIT_START;                      // state
  99   1          
 100   1          //------------------------------------------------- local data packet
 101   1          static uint8 CYDATA data_packet_index;
 102   1          static uint8 CYDATA data_packet_length;
 103   1          static uint8 data_packet_buffer[128];                     
 104   1          static uint8 CYDATA rx_queue[3];                    // last 2 bytes received
 105   1          //-------------------------------------------------
 106   1      
 107   1          uint8 CYDATA    rx_data;                            // RS485 UART rx data
 108   1          CYBIT           rx_data_type;                       // my id?
 109   1          uint8 CYDATA    package_count = 0;                     
 110   1      
 111   1          //======================================================     receive routine
 112   1          
 113   1          // Get data until buffer is not empty 
 114   1          
C51 COMPILER V9.51   INTERRUPTIONS                                                         04/12/2018 12:28:59 PAGE 3   

 115   1          while(UART_RS485_GetRxBufferSize() && (package_count < 6)){  
 116   2              // 6 stima di numero massimo di pacchetti che riesco a leggere senza bloccare l'esecuzione del fir
             -mware
 117   2              
 118   2              // Get next char
 119   2              rx_data = UART_RS485_GetChar();
 120   2              
 121   2              switch (state) {
 122   3                  //-----     wait for frame start     -------------------------------
 123   3                  case WAIT_START:
 124   3                  
 125   3                      rx_queue[0] = rx_queue[1];
 126   3                      rx_queue[1] = rx_queue[2];
 127   3                      rx_queue[2] = rx_data;
 128   3                      
 129   3                      // Check for header configuration package
 130   3                      if ((rx_queue[1] == 58) && (rx_queue[2] == 58)) {
 131   4                          rx_queue[0] = 0;
 132   4                          rx_queue[1] = 0;
 133   4                          rx_queue[2] = 0;
 134   4                          state       = WAIT_ID;                    
 135   4                      }else
 136   3                          if ((rx_queue[0] == 63) &&      //ASCII - ?
 137   3                              (rx_queue[1] == 13) &&      //ASCII - CR
 138   3                              (rx_queue[2] == 10))        //ASCII - LF)
 139   3                              infoGet(INFO_ALL);
 140   3                      break;
 141   3      
 142   3                  //-----     wait for id     ----------------------------------------
 143   3                  case  WAIT_ID:
 144   3      
 145   3                      // packet is for my ID or is broadcast
 146   3                      if (rx_data == c_mem.id || rx_data == 0)
 147   3                          rx_data_type = FALSE;
 148   3                      else                //packet is for others
 149   3                          rx_data_type = TRUE;
 150   3                      
 151   3                      data_packet_length = 0;
 152   3                      state = WAIT_LENGTH;
 153   3                      break;
 154   3      
 155   3                  //-----     wait for length     ------------------------------------
 156   3                  case  WAIT_LENGTH:
 157   3      
 158   3       
 159   3                      data_packet_length = rx_data;
 160   3                      // check validity of pack length
 161   3                      if (data_packet_length <= 1) {
 162   4                          data_packet_length = 0;
 163   4                          state = WAIT_START;
 164   4                      } else if (data_packet_length > 128) {
 165   4                          data_packet_length = 0;
 166   4                          state = WAIT_START;
 167   4                      } else {
 168   4                          data_packet_index = 0;
 169   4                          
 170   4                          if(rx_data_type == FALSE)
 171   4                              state = RECEIVE;          // packet for me or broadcast
 172   4                          else
 173   4                              state = UNLOAD;           // packet for others
 174   4                      }
 175   3                      break;
C51 COMPILER V9.51   INTERRUPTIONS                                                         04/12/2018 12:28:59 PAGE 4   

 176   3      
 177   3                  //-----     receiving     -------------------------------------------
 178   3                  case RECEIVE:
 179   3      
 180   3                      data_packet_buffer[data_packet_index] = rx_data;
 181   3                      data_packet_index++;
 182   3                      
 183   3                      // check end of transmission
 184   3                      if (data_packet_index >= data_packet_length) {
 185   4                          // verify if frame ID corresponded to the device ID
 186   4                          if (rx_data_type == FALSE) {
 187   5                              // copying data from buffer to global packet
 188   5                              memcpy(g_rx.buffer, data_packet_buffer, data_packet_length);
 189   5                              g_rx.length = data_packet_length;
 190   5                              g_rx.ready  = 1;
 191   5                              commProcess();
 192   5                          }
 193   4                          
 194   4                          data_packet_index  = 0;
 195   4                          data_packet_length = 0;
 196   4                          state              = WAIT_START;
 197   4                          package_count++;
 198   4                      
 199   4                      }
 200   3                      break;
 201   3      
 202   3                  //-----     other device is receving     ---------------------------
 203   3                  case UNLOAD:
 204   3                      if (!(--data_packet_length)) {
 205   4                          data_packet_index  = 0;
 206   4                          data_packet_length = 0;
 207   4                          RS485_CTS_Write(1);
 208   4                          RS485_CTS_Write(0);
 209   4                          state              = WAIT_START;
 210   4                          package_count++;
 211   4                      }
 212   3                      break;
 213   3              }
 214   2          }
 215   1      }
 216          //==============================================================================
 217          //                                                            FUNCTION SCHEDULER
 218          //==============================================================================
 219          // Call all the function with the right frequency
 220          //==============================================================================
 221          // Base frequency 1000 Hz
 222          //==============================================================================
 223          
 224          void function_scheduler() {
 225   1       
 226   1          timer_value0 = (uint32)MY_TIMER_ReadCounter();
 227   1          
 228   1          // Check Interrupt 
 229   1      
 230   1          if (interrupt_flag){
 231   2              interrupt_flag = FALSE;
 232   2              interrupt_manager();
 233   2          }
 234   1      
 235   1          ReadAllIMUs();      // IMU reading is atomic, no RS485 request is handled
 236   1              
 237   1          //---------------------------------- Update States     
C51 COMPILER V9.51   INTERRUPTIONS                                                         04/12/2018 12:28:59 PAGE 5   

 238   1          memcpy( &g_imu, &g_imuNew, sizeof(g_imu) );
 239   1          
 240   1          if (interrupt_flag){
 241   2              interrupt_flag = FALSE;
 242   2              interrupt_manager();
 243   2          }
 244   1      
 245   1          timer_value = (uint32)MY_TIMER_ReadCounter();
 246   1          MY_TIMER_WriteCounter(5000000);
 247   1      
 248   1      }
 249          
 250          /* [] END OF FILE */
C51 COMPILER V9.51   INTERRUPTIONS                                                         04/12/2018 12:28:59 PAGE 6   

ASSEMBLY LISTING OF GENERATED OBJECT CODE


             ; FUNCTION ISR_RS485_RX_ExInterrupt (BEGIN)
                                           ; SOURCE LINE # 70
                                           ; SOURCE LINE # 74
0000 D200        E     SETB    interrupt_flag
                                           ; SOURCE LINE # 76
0002 32                RETI    
             ; FUNCTION ISR_RS485_RX_ExInterrupt (END)

             ; FUNCTION interrupt_manager (BEGIN)
                                           ; SOURCE LINE # 93
                                           ; SOURCE LINE # 109
0000 E4                CLR     A
0001 F500        R     MOV     package_count,A
0003         ?C0002:
                                           ; SOURCE LINE # 115
0003 120000      E     LCALL   UART_RS485_GetRxBufferSize
0006 EF                MOV     A,R7
0007 7003              JNZ     $ + 5H
0009 020000      R     LJMP    ?C0025
000C E500        R     MOV     A,package_count
000E C3                CLR     C
000F 9406              SUBB    A,#06H
0011 4003              JC      $ + 5H
0013 020000      R     LJMP    ?C0025
                                           ; SOURCE LINE # 119
0016 120000      E     LCALL   UART_RS485_GetChar
0019 8F00        R     MOV     rx_data,R7
                                           ; SOURCE LINE # 121
001B E500        R     MOV     A,state
001D 14                DEC     A
001E 6049              JZ      ?C0009
0020 14                DEC     A
0021 6060              JZ      ?C0013
0023 14                DEC     A
0024 7003              JNZ     $ + 5H
0026 020000      R     LJMP    ?C0020
0029 14                DEC     A
002A 7003              JNZ     $ + 5H
002C 020000      R     LJMP    ?C0023
002F 2404              ADD     A,#04H
0031 70D0              JNZ     ?C0002
                                           ; SOURCE LINE # 123
0033         ?C0005:
                                           ; SOURCE LINE # 125
0033 850000      R     MOV     rx_queue,rx_queue+01H
                                           ; SOURCE LINE # 126
0036 850000      R     MOV     rx_queue+01H,rx_queue+02H
                                           ; SOURCE LINE # 127
0039 850000      R     MOV     rx_queue+02H,rx_data
                                           ; SOURCE LINE # 130
003C E500        R     MOV     A,rx_queue+01H
003E B43A11            CJNE    A,#03AH,?C0006
0041 E500        R     MOV     A,rx_queue+02H
0043 B43A0C            CJNE    A,#03AH,?C0006
                                           ; SOURCE LINE # 131
0046 E4                CLR     A
0047 F500        R     MOV     rx_queue,A
                                           ; SOURCE LINE # 132
0049 F500        R     MOV     rx_queue+01H,A
C51 COMPILER V9.51   INTERRUPTIONS                                                         04/12/2018 12:28:59 PAGE 7   

                                           ; SOURCE LINE # 133
004B F500        R     MOV     rx_queue+02H,A
                                           ; SOURCE LINE # 134
004D 750001      R     MOV     state,#01H
                                           ; SOURCE LINE # 135
0050 80B1              SJMP    ?C0002
0052         ?C0006:
                                           ; SOURCE LINE # 136
0052 E500        R     MOV     A,rx_queue
0054 B43FAC            CJNE    A,#03FH,?C0002
0057 E500        R     MOV     A,rx_queue+01H
0059 B40DA7            CJNE    A,#0DH,?C0002
005C E500        R     MOV     A,rx_queue+02H
005E 640A              XRL     A,#0AH
0060 70A1              JNZ     ?C0002
                                           ; SOURCE LINE # 139
0062 FF                MOV     R7,A
0063 FE                MOV     R6,A
0064 120000      E     LCALL   _infoGet
                                           ; SOURCE LINE # 140
0067 809A              SJMP    ?C0002
                                           ; SOURCE LINE # 143
0069         ?C0009:
                                           ; SOURCE LINE # 146
0069 900000      E     MOV     DPTR,#c_mem+01H
006C E0                MOVX    A,@DPTR
006D 6500        R     XRL     A,rx_data
006F 6004              JZ      ?C0011
0071 E500        R     MOV     A,rx_data
0073 7004              JNZ     ?C0010
0075         ?C0011:
                                           ; SOURCE LINE # 147
0075 C200        R     CLR     rx_data_type
0077 8002              SJMP    ?C0012
0079         ?C0010:
                                           ; SOURCE LINE # 149
0079 D200        R     SETB    rx_data_type
007B         ?C0012:
                                           ; SOURCE LINE # 151
007B E4                CLR     A
007C F500        R     MOV     data_packet_length,A
                                           ; SOURCE LINE # 152
007E 750002      R     MOV     state,#02H
                                           ; SOURCE LINE # 153
0081 8080              SJMP    ?C0002
                                           ; SOURCE LINE # 156
0083         ?C0013:
                                           ; SOURCE LINE # 159
0083 850000      R     MOV     data_packet_length,rx_data
                                           ; SOURCE LINE # 161
0086 E500        R     MOV     A,data_packet_length
0088 D3                SETB    C
0089 9401              SUBB    A,#01H
008B 5008              JNC     ?C0014
                                           ; SOURCE LINE # 162
008D E4                CLR     A
008E F500        R     MOV     data_packet_length,A
                                           ; SOURCE LINE # 163
0090 F500        R     MOV     state,A
                                           ; SOURCE LINE # 164
0092 020000      R     LJMP    ?C0002
0095         ?C0014:
C51 COMPILER V9.51   INTERRUPTIONS                                                         04/12/2018 12:28:59 PAGE 8   

0095 E500        R     MOV     A,data_packet_length
0097 D3                SETB    C
0098 9480              SUBB    A,#080H
009A 4008              JC      ?C0016
                                           ; SOURCE LINE # 165
009C E4                CLR     A
009D F500        R     MOV     data_packet_length,A
                                           ; SOURCE LINE # 166
009F F500        R     MOV     state,A
                                           ; SOURCE LINE # 167
00A1 020000      R     LJMP    ?C0002
00A4         ?C0016:
                                           ; SOURCE LINE # 168
00A4 E4                CLR     A
00A5 F500        R     MOV     data_packet_index,A
                                           ; SOURCE LINE # 170
00A7 200006            JB      rx_data_type,?C0018
                                           ; SOURCE LINE # 171
00AA 750003      R     MOV     state,#03H
00AD 020000      R     LJMP    ?C0002
00B0         ?C0018:
                                           ; SOURCE LINE # 173
00B0 750004      R     MOV     state,#04H
                                           ; SOURCE LINE # 174
                                           ; SOURCE LINE # 175
00B3 020000      R     LJMP    ?C0002
                                           ; SOURCE LINE # 178
00B6         ?C0020:
                                           ; SOURCE LINE # 180
00B6 7400        R     MOV     A,#LOW data_packet_buffer
00B8 2500        R     ADD     A,data_packet_index
00BA F582              MOV     DPL,A
00BC E4                CLR     A
00BD 3400        R     ADDC    A,#HIGH data_packet_buffer
00BF F583              MOV     DPH,A
00C1 E500        R     MOV     A,rx_data
00C3 F0                MOVX    @DPTR,A
                                           ; SOURCE LINE # 181
00C4 0500        R     INC     data_packet_index
                                           ; SOURCE LINE # 184
00C6 E500        R     MOV     A,data_packet_index
00C8 C3                CLR     C
00C9 9500        R     SUBB    A,data_packet_length
00CB 5003              JNC     $ + 5H
00CD 020000      R     LJMP    ?C0002
                                           ; SOURCE LINE # 186
00D0 200025            JB      rx_data_type,?C0022
                                           ; SOURCE LINE # 188
00D3 AF00        R     MOV     R7,data_packet_length
00D5 7E00              MOV     R6,#00H
00D7 7800        E     MOV     R0,#LOW g_rx
00D9 7C00        E     MOV     R4,#HIGH g_rx
00DB 7D01              MOV     R5,#01H
00DD 7B01              MOV     R3,#01H
00DF 7A00        R     MOV     R2,#HIGH data_packet_buffer
00E1 7900        R     MOV     R1,#LOW data_packet_buffer
00E3 120000      E     LCALL   ?C?COPYAMD
                                           ; SOURCE LINE # 189
00E6 900000      E     MOV     DPTR,#g_rx+080H
00E9 E4                CLR     A
00EA F0                MOVX    @DPTR,A
00EB A3                INC     DPTR
C51 COMPILER V9.51   INTERRUPTIONS                                                         04/12/2018 12:28:59 PAGE 9   

00EC E500        R     MOV     A,data_packet_length
00EE F0                MOVX    @DPTR,A
                                           ; SOURCE LINE # 190
00EF 900000      E     MOV     DPTR,#g_rx+084H
00F2 7401              MOV     A,#01H
00F4 F0                MOVX    @DPTR,A
                                           ; SOURCE LINE # 191
00F5 120000      E     LCALL   commProcess
                                           ; SOURCE LINE # 192
00F8         ?C0022:
                                           ; SOURCE LINE # 194
00F8 E4                CLR     A
00F9 F500        R     MOV     data_packet_index,A
                                           ; SOURCE LINE # 195
00FB F500        R     MOV     data_packet_length,A
                                           ; SOURCE LINE # 196
00FD F500        R     MOV     state,A
                                           ; SOURCE LINE # 197
00FF 0500        R     INC     package_count
                                           ; SOURCE LINE # 199
                                           ; SOURCE LINE # 200
0101 020000      R     LJMP    ?C0002
                                           ; SOURCE LINE # 203
0104         ?C0023:
                                           ; SOURCE LINE # 204
0104 1500        R     DEC     data_packet_length
0106 E500        R     MOV     A,data_packet_length
0108 6003              JZ      $ + 5H
010A 020000      R     LJMP    ?C0002
                                           ; SOURCE LINE # 205
010D F500        R     MOV     data_packet_index,A
                                           ; SOURCE LINE # 206
010F F500        R     MOV     data_packet_length,A
                                           ; SOURCE LINE # 207
0111 7F01              MOV     R7,#01H
0113 120000      E     LCALL   _RS485_CTS_Write
                                           ; SOURCE LINE # 208
0116 E4                CLR     A
0117 FF                MOV     R7,A
0118 120000      E     LCALL   _RS485_CTS_Write
                                           ; SOURCE LINE # 209
011B E4                CLR     A
011C F500        R     MOV     state,A
                                           ; SOURCE LINE # 210
011E 0500        R     INC     package_count
                                           ; SOURCE LINE # 211
                                           ; SOURCE LINE # 212
0120 020000      R     LJMP    ?C0002
                                           ; SOURCE LINE # 213
                                           ; SOURCE LINE # 214
0123 020000      R     LJMP    ?C0002
                                           ; SOURCE LINE # 215
0126         ?C0025:
0126 22                RET     
             ; FUNCTION interrupt_manager (END)

             ; FUNCTION function_scheduler (BEGIN)
                                           ; SOURCE LINE # 224
                                           ; SOURCE LINE # 226
0000 120000      E     LCALL   MY_TIMER_ReadCounter
0003 900000      E     MOV     DPTR,#timer_value0
0006 120000      E     LCALL   ?C?LSTXDATA
C51 COMPILER V9.51   INTERRUPTIONS                                                         04/12/2018 12:28:59 PAGE 10  

                                           ; SOURCE LINE # 230
0009 300005            JNB     interrupt_flag,?C0026
                                           ; SOURCE LINE # 231
000C C200        E     CLR     interrupt_flag
                                           ; SOURCE LINE # 232
000E 120000      R     LCALL   interrupt_manager
                                           ; SOURCE LINE # 233
0011         ?C0026:
                                           ; SOURCE LINE # 235
0011 120000      E     LCALL   ReadAllIMUs
                                           ; SOURCE LINE # 238
0014 7800        E     MOV     R0,#LOW g_imu
0016 7C00        E     MOV     R4,#HIGH g_imu
0018 7D01              MOV     R5,#01H
001A 7B01              MOV     R3,#01H
001C 7A00        E     MOV     R2,#HIGH g_imuNew
001E 7900        E     MOV     R1,#LOW g_imuNew
0020 7E02              MOV     R6,#02H
0022 7F75              MOV     R7,#075H
0024 120000      E     LCALL   ?C?COPYAMD
                                           ; SOURCE LINE # 240
0027 300005            JNB     interrupt_flag,?C0027
                                           ; SOURCE LINE # 241
002A C200        E     CLR     interrupt_flag
                                           ; SOURCE LINE # 242
002C 120000      R     LCALL   interrupt_manager
                                           ; SOURCE LINE # 243
002F         ?C0027:
                                           ; SOURCE LINE # 245
002F 120000      E     LCALL   MY_TIMER_ReadCounter
0032 900000      E     MOV     DPTR,#timer_value
0035 120000      E     LCALL   ?C?LSTXDATA
                                           ; SOURCE LINE # 246
0038 7F40              MOV     R7,#040H
003A 7E4B              MOV     R6,#04BH
003C 7D4C              MOV     R5,#04CH
003E 7C00              MOV     R4,#00H
0040 120000      E     LCALL   _MY_TIMER_WriteCounter
                                           ; SOURCE LINE # 248
0043 22                RET     
             ; FUNCTION function_scheduler (END)



MODULE INFORMATION:   STATIC OVERLAYABLE
   CODE SIZE        =    366    ----
   CONSTANT SIZE    =   ----    ----
   XDATA SIZE       =    128    ----
   PDATA SIZE       =   ----    ----
   DATA SIZE        =      6       2
   IDATA SIZE       =   ----    ----
   BIT SIZE         =   ----       1
   EDATA SIZE       =   ----    ----
   HDATA SIZE       =   ----    ----
   XDATA CONST SIZE =   ----    ----
   FAR CONST SIZE   =   ----    ----
END OF MODULE INFORMATION.


C51 COMPILATION COMPLETE.  0 WARNING(S),  0 ERROR(S)
