C51 COMPILER V9.51   SPI_IMU_PM                                                            06/15/2017 09:48:50 PAGE 1   


C51 COMPILER V9.51, COMPILATION OF MODULE SPI_IMU_PM
OBJECT MODULE PLACED IN .\DP8051_Keil_951\Release\SPI_IMU_PM.obj
COMPILER INVOKED BY: C:\Program Files (x86)\Cypress\PSoC Creator\3.3\PSoC Creator\import\keil\pk51\9.51\C51\BIN\c51.exe 
                    -.\Generated_Source\PSoC3\SPI_IMU_PM.c NOIV LARGE MODDP2 OMF2 VB(1) NOIP INCDIR(.,Generated_Source\PSoC3) FF(3) DB DF(NDE
                    -BUG) WL(2) PR(.\DP8051_Keil_951\Release/SPI_IMU_PM.lst) CD OT(11,SPEED) OJ(.\DP8051_Keil_951\Release\SPI_IMU_PM.obj)

line level    source

*** MESSAGE C286 IN LINE 0 OF (null): license limits optimization to level 5
   1          /*******************************************************************************
   2          * File Name: SPI_IMU_PM.c
   3          * Version 2.50
   4          *
   5          * Description:
   6          *  This file contains the setup, control and status commands to support
   7          *  component operations in low power mode.
   8          *
   9          * Note:
  10          *
  11          ********************************************************************************
  12          * Copyright 2008-2015, Cypress Semiconductor Corporation.  All rights reserved.
  13          * You may use this file only in accordance with the license, terms, conditions,
  14          * disclaimers, and limitations in the end user license agreement accompanying
  15          * the software package with which this file was provided.
  16          *******************************************************************************/
  17          
  18          #include "SPI_IMU_PVT.h"
  19          
  20          static SPI_IMU_BACKUP_STRUCT SPI_IMU_backup =
  21          {
  22              SPI_IMU_DISABLED,
  23              SPI_IMU_BITCTR_INIT,
  24          };
  25          
  26          
  27          /*******************************************************************************
  28          * Function Name: SPI_IMU_SaveConfig
  29          ********************************************************************************
  30          *
  31          * Summary:
  32          *  Empty function. Included for consistency with other components.
  33          *
  34          * Parameters:
  35          *  None.
  36          *
  37          * Return:
  38          *  None.
  39          *
  40          *******************************************************************************/
  41          void SPI_IMU_SaveConfig(void) 
  42          {
  43   1      
  44   1      }
  45          
  46          
  47          /*******************************************************************************
  48          * Function Name: SPI_IMU_RestoreConfig
  49          ********************************************************************************
  50          *
  51          * Summary:
  52          *  Empty function. Included for consistency with other components.
C51 COMPILER V9.51   SPI_IMU_PM                                                            06/15/2017 09:48:50 PAGE 2   

  53          *
  54          * Parameters:
  55          *  None.
  56          *
  57          * Return:
  58          *  None.
  59          *
  60          *******************************************************************************/
  61          void SPI_IMU_RestoreConfig(void) 
  62          {
  63   1      
  64   1      }
  65          
  66          
  67          /*******************************************************************************
  68          * Function Name: SPI_IMU_Sleep
  69          ********************************************************************************
  70          *
  71          * Summary:
  72          *  Prepare SPIM Component goes to sleep.
  73          *
  74          * Parameters:
  75          *  None.
  76          *
  77          * Return:
  78          *  None.
  79          *
  80          * Global Variables:
  81          *  SPI_IMU_backup - modified when non-retention registers are saved.
  82          *
  83          * Reentrant:
  84          *  No.
  85          *
  86          *******************************************************************************/
  87          void SPI_IMU_Sleep(void) 
  88          {
  89   1          /* Save components enable state */
  90   1          SPI_IMU_backup.enableState = ((uint8) SPI_IMU_IS_ENABLED);
  91   1      
  92   1          SPI_IMU_Stop();
  93   1      }
  94          
  95          
  96          /*******************************************************************************
  97          * Function Name: SPI_IMU_Wakeup
  98          ********************************************************************************
  99          *
 100          * Summary:
 101          *  Prepare SPIM Component to wake up.
 102          *
 103          * Parameters:
 104          *  None.
 105          *
 106          * Return:
 107          *  None.
 108          *
 109          * Global Variables:
 110          *  SPI_IMU_backup - used when non-retention registers are restored.
 111          *  SPI_IMU_txBufferWrite - modified every function call - resets to
 112          *  zero.
 113          *  SPI_IMU_txBufferRead - modified every function call - resets to
 114          *  zero.
C51 COMPILER V9.51   SPI_IMU_PM                                                            06/15/2017 09:48:50 PAGE 3   

 115          *  SPI_IMU_rxBufferWrite - modified every function call - resets to
 116          *  zero.
 117          *  SPI_IMU_rxBufferRead - modified every function call - resets to
 118          *  zero.
 119          *
 120          * Reentrant:
 121          *  No.
 122          *
 123          *******************************************************************************/
 124          void SPI_IMU_Wakeup(void) 
 125          {
 126   1          #if(SPI_IMU_RX_SOFTWARE_BUF_ENABLED)
                      SPI_IMU_rxBufferFull  = 0u;
                      SPI_IMU_rxBufferRead  = 0u;
                      SPI_IMU_rxBufferWrite = 0u;
                  #endif /* (SPI_IMU_RX_SOFTWARE_BUF_ENABLED) */
 131   1      
 132   1          #if(SPI_IMU_TX_SOFTWARE_BUF_ENABLED)
                      SPI_IMU_txBufferFull  = 0u;
                      SPI_IMU_txBufferRead  = 0u;
                      SPI_IMU_txBufferWrite = 0u;
                  #endif /* (SPI_IMU_TX_SOFTWARE_BUF_ENABLED) */
 137   1      
 138   1          /* Clear any data from the RX and TX FIFO */
 139   1          SPI_IMU_ClearFIFO();
 140   1      
 141   1          /* Restore components block enable state */
 142   1          if(0u != SPI_IMU_backup.enableState)
 143   1          {
 144   2              SPI_IMU_Enable();
 145   2          }
 146   1      }
 147          
 148          
 149          /* [] END OF FILE */
C51 COMPILER V9.51   SPI_IMU_PM                                                            06/15/2017 09:48:50 PAGE 4   

ASSEMBLY LISTING OF GENERATED OBJECT CODE


             ; FUNCTION SPI_IMU_SaveConfig (BEGIN)
                                           ; SOURCE LINE # 41
                                           ; SOURCE LINE # 42
                                           ; SOURCE LINE # 44
0000 22                RET     
             ; FUNCTION SPI_IMU_SaveConfig (END)

             ; FUNCTION SPI_IMU_RestoreConfig (BEGIN)
                                           ; SOURCE LINE # 61
                                           ; SOURCE LINE # 62
                                           ; SOURCE LINE # 64
0000 22                RET     
             ; FUNCTION SPI_IMU_RestoreConfig (END)

             ; FUNCTION SPI_IMU_Sleep (BEGIN)
                                           ; SOURCE LINE # 87
                                           ; SOURCE LINE # 88
                                           ; SOURCE LINE # 90
0000 90649C            MOV     DPTR,#0649CH
0003 E0                MOVX    A,@DPTR
0004 5410              ANL     A,#010H
0006 6004              JZ      ?C0003
0008 7F01              MOV     R7,#01H
000A 8002              SJMP    ?C0004
000C         ?C0003:
000C 7F00              MOV     R7,#00H
000E         ?C0004:
000E 900000      R     MOV     DPTR,#SPI_IMU_backup
0011 EF                MOV     A,R7
0012 F0                MOVX    @DPTR,A
                                           ; SOURCE LINE # 92
0013 120000      E     LCALL   SPI_IMU_Stop
                                           ; SOURCE LINE # 93
0016 22                RET     
             ; FUNCTION SPI_IMU_Sleep (END)

             ; FUNCTION SPI_IMU_Wakeup (BEGIN)
                                           ; SOURCE LINE # 124
                                           ; SOURCE LINE # 125
                                           ; SOURCE LINE # 139
0000 120000      E     LCALL   SPI_IMU_ClearFIFO
                                           ; SOURCE LINE # 142
0003 900000      R     MOV     DPTR,#SPI_IMU_backup
0006 E0                MOVX    A,@DPTR
0007 6003              JZ      ?C0007
                                           ; SOURCE LINE # 143
                                           ; SOURCE LINE # 144
0009 120000      E     LCALL   SPI_IMU_Enable
                                           ; SOURCE LINE # 145
                                           ; SOURCE LINE # 146
000C         ?C0007:
000C 22                RET     
             ; FUNCTION SPI_IMU_Wakeup (END)



MODULE INFORMATION:   STATIC OVERLAYABLE
   CODE SIZE        =     38    ----
   CONSTANT SIZE    =   ----    ----
C51 COMPILER V9.51   SPI_IMU_PM                                                            06/15/2017 09:48:50 PAGE 5   

   XDATA SIZE       =      2    ----
   PDATA SIZE       =   ----    ----
   DATA SIZE        =   ----    ----
   IDATA SIZE       =   ----    ----
   BIT SIZE         =   ----    ----
   EDATA SIZE       =   ----    ----
   HDATA SIZE       =   ----    ----
   XDATA CONST SIZE =   ----    ----
   FAR CONST SIZE   =   ----    ----
END OF MODULE INFORMATION.


C51 COMPILATION COMPLETE.  0 WARNING(S),  0 ERROR(S)
